// Jest Snapshot v1, https://goo.gl/fbAQLP

exports[`simple event handling  1`] = `
"function anonymous(template, updateClass, handler
) {
  return {
    mountBefore(anchor) {
      this.el = template.cloneNode(true);
      let ref0 = this.el;
      ref0.addEventListener(\\"click\\", handler.bind(this, 0));
      this.refs = [ref0];
      anchor.before(this.el);
    },
    patch(block) {
      if (this === block) return;
      const current = this.data;
      const next = block.data;
      this.data = next;
    }
  };
}"
`;

exports[`simple event handling, with function 1`] = `
"function anonymous(template, updateClass, handler
) {
  return {
    mountBefore(anchor) {
      this.el = template.cloneNode(true);
      let ref0 = this.el;
      ref0.addEventListener(\\"click\\", handler.bind(this, 0));
      this.refs = [ref0];
      anchor.before(this.el);
    },
    patch(block) {
      if (this === block) return;
      const current = this.data;
      const next = block.data;
      this.data = next;
    }
  };
}"
`;
